Failure: Deny could not found in aws_s3_bucket_policy\.c\.