Failure: aws provider does not have allowed_account_ids property.