Failure: Forcefully failing the scenario on any resource \(aws_instance.demo-prod-AppOne\) resource