Failure: aws_subnet.test \(aws_subnet\) does not have Name property.