Failure: Forcefully failing the scenario on aws_s3_bucket \(aws_s3_bucket\.should_not_exist\) resource