Failure: for aws_ebs_volume.fail on aws_ebs_volume. 50 is not less than 45.