4 scenarios \(0 passed, 2 failed, 2 skipped\)
\* SKIPPING: Found WithoutSpace tags in aws_s3_bucket\.bucket\.
\* SKIPPING: Found With Space tags in aws_s3_bucket\.bucket\.