Failure: for aws_rds_cluster.default on aws_rds_cluster. 5 is not more than 15.