tcp\/80 port is defined within 10\.0\.0\.0\/8 network in aws_security_group\.elb\.