Failure: tcp\/80 port is defined within 0\.0\.0\.0\/0 network in aws_security_group\.failure\.