Failure: Forcefully failing the scenario on aws_route53_health_check \(aws_route53_health_check\.url-health-check\["test\.domain\.com"\]\) resource