Failure: Can not find demo in mesh_name property of module\.appmesh_existing\.aws_appmesh_virtual_node.vn\["ui"\]\.
