Failure: kms_master_key_id property in aws_sns_topic\.fail resource matches with .* regex\. It is set to None\.