Failure: Action property in aws_kms_key.example resource does not match with abc123 case insensitive regex. It is set to kms:ReEncrypt*.