Failure: resource property in .* resource matches with \\\* regex\. It is set to \*\.