Failure: protocol property in aws_lb_listener.udp-listener-noncompliant resource matches with .* regex. It is set to UDP.