Failure: tcp\/443 port is not defined within 192\.\* network in aws_security_group_rule\.ecs_task_egress_to_internet_443\.