Failure: Can not find false in sensitive property of map\.