Failure: for aws_vpc.web_vpc on resource. 1 is not equal to 2.