Failure: Forcefully failing the scenario on aws_instance \(aws_instance\.test_instance\) resource