Failure: aws_s3_bucket.fail \(aws_s3_bucket\) does not have server_side_encryption_configuration property.